
> suvidha@0.1.0 build
> next build

  Γû▓ Next.js 14.2.35
  - Environments: .env

   Creating an optimized production build ...
 Γ£ô Compiled successfully
   Linting and checking validity of types ...
node.exe : 
At C:\Program 
Files\nodejs\npm.ps1:29 
char:3
+   & $NODE_EXE $NPM_CLI_JS 
$args
+   ~~~~~~~~~~~~~~~~~~~~~~~~
~~~~~
    + CategoryInfo          
    : NotSpecified: (:Stri  
  ng) [], RemoteException
    + FullyQualifiedErrorId 
    : NativeCommandError
 
Failed to compile.

./src/app/api/complaints/ana
lyze/route.ts
12:30  Error: 'type' is 
assigned a value but never 
used.  @typescript-eslint/no
-unused-vars

./src/app/api/complaints/sub
mit/route.ts
31:67  Error: Unexpected 
any. Specify a different 
type.  @typescript-eslint/no
-explicit-any

./src/app/page.tsx
4:43  Error: 
'AnimatePresence' is 
defined but never used.  @ty
pescript-eslint/no-unused-va
rs
9:22  Error: 'CheckCircle2' 
is defined but never used.  
@typescript-eslint/no-unused
-vars

./src/components/kiosk/Docum
entHandler.tsx
3:20  Error: 'useEffect' is 
defined but never used.  @ty
pescript-eslint/no-unused-va
rs
8:25  Error: 'Search' is 
defined but never used.  @ty
pescript-eslint/no-unused-va
rs
93:18  Error: 'err' is 
defined but never used.  @ty
pescript-eslint/no-unused-va
rs

./src/components/kiosk/FaceL
ock.tsx
98:8  Warning: React Hook 
useEffect has a missing 
dependency: 
'handleLogoutSequence'. 
Either include it or remove 
the dependency array.  
react-hooks/exhaustive-deps

./src/components/ui/ErrorBou
ndary.tsx
4:8  Error: 'Link' is 
defined but never used.  @ty
pescript-eslint/no-unused-va
rs

./src/lib/apiClient.ts
64:22  Error: 'e' is 
defined but never used.  @ty
pescript-eslint/no-unused-va
rs
77:21  Error: Unexpected 
any. Specify a different 
type.  @typescript-eslint/no
-explicit-any
103:34  Error: Unexpected 
any. Specify a different 
type.  @typescript-eslint/no
-explicit-any
106:33  Error: Unexpected 
any. Specify a different 
type.  @typescript-eslint/no
-explicit-any

info  - Need to disable 
some ESLint rules? Learn 
more here: https://nextjs.or
g/docs/basic-features/eslint
#disabling-rules
